Zeit: 0,166 ms
Zeit: 0,085 ms
            next_test            
---------------------------------
 Test starting: function_is_date
(1 Zeile)

Zeit: 0,207 ms
Zeit: 0,077 ms
 res 
-----
 t
(1 Zeile)

Zeit: 0,957 ms
 res 
-----
 t
(1 Zeile)

Zeit: 1,055 ms
 res 
-----
 t
(1 Zeile)

Zeit: 0,359 ms
 res 
-----
 t
(1 Zeile)

Zeit: 0,386 ms
 res 
-----
 t
(1 Zeile)

Zeit: 0,281 ms
 res 
-----
 t
(1 Zeile)

Zeit: 0,238 ms
Zeit: 0,062 ms
            next_test            
---------------------------------
 Test starting: function_is_time
(1 Zeile)

Zeit: 0,071 ms
Zeit: 0,052 ms
 res 
-----
 t
(1 Zeile)

Zeit: 0,228 ms
 res 
-----
 t
(1 Zeile)

Zeit: 0,162 ms
 res 
-----
 t
(1 Zeile)

Zeit: 0,279 ms
 res 
-----
 t
(1 Zeile)

Zeit: 0,148 ms
 res 
-----
 t
(1 Zeile)

Zeit: 0,213 ms
 res 
-----
 t
(1 Zeile)

Zeit: 0,185 ms
 res 
-----
 t
(1 Zeile)

Zeit: 0,148 ms
Zeit: 0,060 ms
              next_test               
--------------------------------------
 Test starting: function_is_timestamp
(1 Zeile)

Zeit: 0,066 ms
Zeit: 0,047 ms
 res 
-----
 t
(1 Zeile)

Zeit: 0,205 ms
 res 
-----
 t
(1 Zeile)

Zeit: 0,152 ms
 res 
-----
 t
(1 Zeile)

Zeit: 0,217 ms
 res 
-----
 t
(1 Zeile)

Zeit: 0,146 ms
 res 
-----
 t
(1 Zeile)

Zeit: 0,199 ms
 res 
-----
 t
(1 Zeile)

Zeit: 0,164 ms
 res 
-----
 
(1 Zeile)

Zeit: 0,122 ms
Zeit: 0,060 ms
             next_test              
------------------------------------
 Test starting: function_is_numeric
(1 Zeile)

Zeit: 0,067 ms
Zeit: 0,049 ms
 res 
-----
 t
(1 Zeile)

Zeit: 0,202 ms
 res 
-----
 t
(1 Zeile)

Zeit: 0,204 ms
 res 
-----
 t
(1 Zeile)

Zeit: 0,396 ms
 res 
-----
 t
(1 Zeile)

Zeit: 0,213 ms
Zeit: 0,075 ms
             next_test             
-----------------------------------
 Test starting: function_is_bigint
(1 Zeile)

Zeit: 0,098 ms
Zeit: 0,068 ms
 res 
-----
 t
(1 Zeile)

Zeit: 0,219 ms
 res 
-----
 t
(1 Zeile)

Zeit: 0,242 ms
 res 
-----
 t
(1 Zeile)

Zeit: 0,145 ms
 res 
-----
 t
(1 Zeile)

Zeit: 0,126 ms
Zeit: 0,059 ms
             next_test              
------------------------------------
 Test starting: function_is_integer
(1 Zeile)

Zeit: 0,066 ms
Zeit: 0,047 ms
 res 
-----
 t
(1 Zeile)

Zeit: 0,235 ms
 res 
-----
 t
(1 Zeile)

Zeit: 0,189 ms
 res 
-----
 t
(1 Zeile)

Zeit: 0,121 ms
 res 
-----
 t
(1 Zeile)

Zeit: 0,110 ms
Zeit: 0,063 ms
              next_test              
-------------------------------------
 Test starting: function_is_smallint
(1 Zeile)

Zeit: 0,074 ms
Zeit: 0,057 ms
 res 
-----
 t
(1 Zeile)

Zeit: 0,189 ms
 res 
-----
 t
(1 Zeile)

Zeit: 0,187 ms
 res 
-----
 t
(1 Zeile)

Zeit: 0,113 ms
 res 
-----
 t
(1 Zeile)

Zeit: 0,103 ms
Zeit: 0,055 ms
            next_test            
---------------------------------
 Test starting: function_is_real
(1 Zeile)

Zeit: 0,067 ms
Zeit: 0,051 ms
 res 
-----
 t
(1 Zeile)

Zeit: 0,255 ms
 res 
-----
 t
(1 Zeile)

Zeit: 0,205 ms
 res 
-----
 t
(1 Zeile)

Zeit: 0,121 ms
 res 
-----
 t
(1 Zeile)

Zeit: 0,114 ms
Zeit: 0,056 ms
                  next_test                  
---------------------------------------------
 Test starting: function_is_double_precision
(1 Zeile)

Zeit: 0,066 ms
Zeit: 0,049 ms
 res 
-----
 t
(1 Zeile)

Zeit: 0,169 ms
 res 
-----
 t
(1 Zeile)

Zeit: 0,197 ms
 res 
-----
 t
(1 Zeile)

Zeit: 0,144 ms
 res 
-----
 t
(1 Zeile)

Zeit: 0,231 ms
Zeit: 0,080 ms
             next_test              
------------------------------------
 Test starting: function_is_boolean
(1 Zeile)

Zeit: 0,087 ms
Zeit: 0,057 ms
 res 
-----
 t
(1 Zeile)

Zeit: 0,292 ms
 res 
-----
 t
(1 Zeile)

Zeit: 0,403 ms
 res 
-----
 t
(1 Zeile)

Zeit: 0,207 ms
 res 
-----
 t
(1 Zeile)

Zeit: 0,189 ms
 res 
-----
 t
(1 Zeile)

Zeit: 0,120 ms
 res 
-----
 t
(1 Zeile)

Zeit: 0,135 ms
Zeit: 0,073 ms
            next_test            
---------------------------------
 Test starting: function_is_json
(1 Zeile)

Zeit: 0,087 ms
Zeit: 0,054 ms
 res 
-----
 t
(1 Zeile)

Zeit: 0,237 ms
 res 
-----
 t
(1 Zeile)

Zeit: 0,347 ms
 res 
-----
 t
(1 Zeile)

Zeit: 0,185 ms
Zeit: 0,064 ms
            next_test             
----------------------------------
 Test starting: function_is_jsonb
(1 Zeile)

Zeit: 0,070 ms
Zeit: 0,049 ms
 res 
-----
 t
(1 Zeile)

Zeit: 0,271 ms
 res 
-----
 t
(1 Zeile)

Zeit: 0,317 ms
 res 
-----
 t
(1 Zeile)

Zeit: 0,197 ms
Zeit: 0,066 ms
            next_test            
---------------------------------
 Test starting: function_is_uuid
(1 Zeile)

Zeit: 0,076 ms
Zeit: 0,070 ms
 res 
-----
 t
(1 Zeile)

Zeit: 0,234 ms
 res 
-----
 t
(1 Zeile)

Zeit: 0,260 ms
 res 
-----
 t
(1 Zeile)

Zeit: 0,299 ms
Zeit: 0,057 ms
           next_test            
--------------------------------
 Test starting: function_sha256
(1 Zeile)

Zeit: 0,067 ms
Zeit: 0,560 ms
               next_test                
----------------------------------------
 Test starting: function_pg_schema_size
(1 Zeile)

Zeit: 0,094 ms
Zeit: 0,060 ms
 res 
-----
 t
(1 Zeile)

Zeit: 0,224 ms
Zeit: 10,143 ms
Zeit: 0,225 ms
 res 
-----
 t
(1 Zeile)

Zeit: 1,879 ms
Zeit: 0,401 ms
            next_test            
---------------------------------
 Test starting: view_pg_db_views
(1 Zeile)

Zeit: 0,116 ms
Zeit: 0,062 ms
 res 
-----
 t
(1 Zeile)

Zeit: 0,518 ms
 res 
-----
 t
(1 Zeile)

Zeit: 1,752 ms
Zeit: 0,088 ms
              next_test              
-------------------------------------
 Test starting: view_pg_foreign_keys
(1 Zeile)

Zeit: 0,095 ms
Zeit: 0,051 ms
 res 
-----
 t
(1 Zeile)

Zeit: 0,295 ms
 res 
-----
 t
(1 Zeile)

Zeit: 6,497 ms
Zeit: 0,096 ms
            next_test             
----------------------------------
 Test starting: view_pg_functions
(1 Zeile)

Zeit: 0,093 ms
Zeit: 0,061 ms
 res 
-----
 t
(1 Zeile)

Zeit: 0,265 ms
 res 
-----
 t
(1 Zeile)

Zeit: 52,776 ms
Zeit: 0,088 ms
                 next_test                  
--------------------------------------------
 Test starting: view_pg_table_matview_infos
(1 Zeile)

Zeit: 0,107 ms
Zeit: 0,059 ms
 res 
-----
 t
(1 Zeile)

Zeit: 0,311 ms
 res 
-----
 t
(1 Zeile)

Zeit: 2,581 ms
Zeit: 0,085 ms
              next_test              
-------------------------------------
 Test starting: function_is_encoding
(1 Zeile)

Zeit: 0,100 ms
Zeit: 0,050 ms
 res 
-----
 t
(1 Zeile)

Zeit: 0,191 ms
 res 
-----
 t
(1 Zeile)

Zeit: 0,205 ms
 res 
-----
 t
(1 Zeile)

Zeit: 0,700 ms
 res 
-----
 t
(1 Zeile)

Zeit: 1,887 ms
 res 
-----
 t
(1 Zeile)

Zeit: 0,252 ms
 res 
-----
 t
(1 Zeile)

Zeit: 0,158 ms
Zeit: 0,072 ms
             next_test             
-----------------------------------
 Test starting: function_is_latin1
(1 Zeile)

Zeit: 0,063 ms
Zeit: 0,045 ms
 res 
-----
 t
(1 Zeile)

Zeit: 0,185 ms
 res 
-----
 t
(1 Zeile)

Zeit: 0,215 ms
 res 
-----
 t
(1 Zeile)

Zeit: 0,142 ms
Zeit: 0,056 ms
                     next_test                     
---------------------------------------------------
 Test starting: function_return_not_part_of_latin1
(1 Zeile)

Zeit: 0,084 ms
Zeit: 0,056 ms
 res 
-----
 t
(1 Zeile)

Zeit: 0,180 ms
 res_1 | res_2 
-------+-------
 t     | t
(1 Zeile)

Zeit: 1,290 ms
Zeit: 0,068 ms
                next_test                 
------------------------------------------
 Test starting: function_replace_encoding
(1 Zeile)

Zeit: 0,071 ms
Zeit: 0,047 ms
 res 
-----
 t
(1 Zeile)

Zeit: 0,187 ms
 res 
-----
 t
(1 Zeile)

Zeit: 0,152 ms
 res_1 | res_2 
-------+-------
 t     | t
(1 Zeile)

Zeit: 0,499 ms
 res_1 | res_2 
-------+-------
 t     | t
(1 Zeile)

Zeit: 0,339 ms
 res_1 | res_2 
-------+-------
 t     | t
(1 Zeile)

Zeit: 0,469 ms
Zeit: 0,066 ms
               next_test                
----------------------------------------
 Test starting: function_replace_latin1
(1 Zeile)

Zeit: 0,079 ms
Zeit: 0,048 ms
 res 
-----
 t
(1 Zeile)

Zeit: 0,182 ms
 res 
-----
 t
(1 Zeile)

Zeit: 0,155 ms
 res_1 | res_2 
-------+-------
 t     | t
(1 Zeile)

Zeit: 0,363 ms
 res_1 | res_2 
-------+-------
 t     | t
(1 Zeile)

Zeit: 0,335 ms
 res_1 | res_2 
-------+-------
 t     | t
(1 Zeile)

Zeit: 0,239 ms
Zeit: 0,063 ms
                      next_test                      
-----------------------------------------------------
 Test starting: function_return_not_part_of_encoding
(1 Zeile)

Zeit: 0,070 ms
Zeit: 0,059 ms
 res 
-----
 t
(1 Zeile)

Zeit: 0,175 ms
 res_1 | res_2 
-------+-------
 t     | t
(1 Zeile)

Zeit: 0,780 ms
Zeit: 0,076 ms
                 next_test                  
--------------------------------------------
 Test starting: aggregate_function_gab_fill
(1 Zeile)

Zeit: 0,078 ms
Zeit: 0,056 ms
 res 
-----
 t
(1 Zeile)

Zeit: 0,205 ms
 res 
-----
 t
(1 Zeile)

Zeit: 0,171 ms
Zeit: 9,176 ms
Zeit: 0,239 ms
 res 
-----
 t
(1 Zeile)

Zeit: 0,429 ms
Zeit: 0,351 ms
            next_test            
---------------------------------
 Test starting: function_date_de
(1 Zeile)

Zeit: 0,101 ms
Zeit: 0,052 ms
 res 
-----
 t
(1 Zeile)

Zeit: 0,234 ms
 res 
-----
 t
(1 Zeile)

Zeit: 0,444 ms
Zeit: 0,066 ms
              next_test              
-------------------------------------
 Test starting: function_datetime_de
(1 Zeile)

Zeit: 0,093 ms
Zeit: 0,065 ms
 res 
-----
 t
(1 Zeile)

Zeit: 0,218 ms
 res 
-----
 t
(1 Zeile)

Zeit: 0,323 ms
Zeit: 0,066 ms
                 next_test                 
-------------------------------------------
 Test starting: function_to_unix_timestamp
(1 Zeile)

Zeit: 0,075 ms
Zeit: 0,053 ms
 res 
-----
 t
(1 Zeile)

Zeit: 0,199 ms
 res 
-----
 t
(1 Zeile)

Zeit: 0,255 ms
 res 
-----
 t
(1 Zeile)

Zeit: 0,226 ms
Zeit: 0,052 ms
            next_test             
----------------------------------
 Test starting: function_is_empty
(1 Zeile)

Zeit: 0,062 ms
Zeit: 0,068 ms
 res 
-----
 t
(1 Zeile)

Zeit: 0,214 ms
 res 
-----
 t
(1 Zeile)

Zeit: 0,185 ms
 res 
-----
 t
(1 Zeile)

Zeit: 0,103 ms
 res 
-----
 t
(1 Zeile)

Zeit: 0,096 ms
Zeit: 0,057 ms
             next_test             
-----------------------------------
 Test starting: function_array_max
(1 Zeile)

Zeit: 0,073 ms
Zeit: 0,060 ms
 res 
-----
 t
(1 Zeile)

Zeit: 0,200 ms
 res 
-----
 t
(1 Zeile)

Zeit: 0,191 ms
 res_1 
-------
 t
(1 Zeile)

Zeit: 0,317 ms
 res_1 
-------
 t
(1 Zeile)

Zeit: 0,254 ms
 res_1 
-------
 t
(1 Zeile)

Zeit: 0,205 ms
 res_1 
-------
 t
(1 Zeile)

Zeit: 0,181 ms
 res_1 
-------
 t
(1 Zeile)

Zeit: 0,225 ms
 res_1 
-------
 t
(1 Zeile)

Zeit: 0,202 ms
 res_1 
-------
 t
(1 Zeile)

Zeit: 0,199 ms
Zeit: 0,060 ms
             next_test             
-----------------------------------
 Test starting: function_array_min
(1 Zeile)

Zeit: 0,084 ms
Zeit: 0,046 ms
 res 
-----
 t
(1 Zeile)

Zeit: 0,215 ms
 res 
-----
 t
(1 Zeile)

Zeit: 0,223 ms
 res_1 
-------
 t
(1 Zeile)

Zeit: 0,311 ms
 res_1 
-------
 t
(1 Zeile)

Zeit: 0,190 ms
 res_1 
-------
 t
(1 Zeile)

Zeit: 0,192 ms
 res_1 
-------
 t
(1 Zeile)

Zeit: 0,171 ms
 res_1 
-------
 t
(1 Zeile)

Zeit: 0,273 ms
 res_1 
-------
 t
(1 Zeile)

Zeit: 0,247 ms
 res_1 
-------
 t
(1 Zeile)

Zeit: 0,204 ms
Zeit: 0,066 ms
             next_test             
-----------------------------------
 Test starting: function_array_avg
(1 Zeile)

Zeit: 0,102 ms
Zeit: 0,052 ms
 res 
-----
 t
(1 Zeile)

Zeit: 0,183 ms
 res 
-----
 t
(1 Zeile)

Zeit: 0,148 ms
 res_1 
-------
 t
(1 Zeile)

Zeit: 0,273 ms
 res_1 
-------
 t
(1 Zeile)

Zeit: 0,179 ms
 res_1 
-------
 t
(1 Zeile)

Zeit: 0,217 ms
 res_1 
-------
 t
(1 Zeile)

Zeit: 0,303 ms
 res_1 
-------
 t
(1 Zeile)

Zeit: 0,278 ms
 res_1 
-------
 t
(1 Zeile)

Zeit: 0,279 ms
Zeit: 0,068 ms
             next_test             
-----------------------------------
 Test starting: function_array_sum
(1 Zeile)

Zeit: 0,068 ms
Zeit: 0,054 ms
 res 
-----
 t
(1 Zeile)

Zeit: 0,189 ms
 res 
-----
 t
(1 Zeile)

Zeit: 0,138 ms
 res_1 
-------
 t
(1 Zeile)

Zeit: 0,246 ms
 res_1 
-------
 t
(1 Zeile)

Zeit: 0,167 ms
 res_1 
-------
 t
(1 Zeile)

Zeit: 0,197 ms
 res_1 
-------
 t
(1 Zeile)

Zeit: 0,213 ms
 res_1 
-------
 t
(1 Zeile)

Zeit: 0,205 ms
 res_1 
-------
 t
(1 Zeile)

Zeit: 0,212 ms
Zeit: 0,058 ms
             next_test              
------------------------------------
 Test starting: function_array_trim
(1 Zeile)

Zeit: 0,063 ms
Zeit: 0,043 ms
 res 
-----
 t
(1 Zeile)

Zeit: 0,189 ms
 res 
-----
 t
(1 Zeile)

Zeit: 0,142 ms
 res_1 
-------
 t
(1 Zeile)

Zeit: 0,516 ms
 res_1 
-------
 t
(1 Zeile)

Zeit: 0,246 ms
 res_1 
-------
 t
(1 Zeile)

Zeit: 0,402 ms
 res_1 
-------
 t
(1 Zeile)

Zeit: 0,254 ms
 res_1 
-------
 t
(1 Zeile)

Zeit: 0,338 ms
 res_1 
-------
 t
(1 Zeile)

Zeit: 0,230 ms
 res_1 
-------
 t
(1 Zeile)

Zeit: 0,430 ms
 res_1 
-------
 t
(1 Zeile)

Zeit: 0,252 ms
 res_1 
-------
 t
(1 Zeile)

Zeit: 0,369 ms
 res_1 
-------
 t
(1 Zeile)

Zeit: 0,283 ms
 res_1 
-------
 t
(1 Zeile)

Zeit: 0,444 ms
 res_1 
-------
 t
(1 Zeile)

Zeit: 0,325 ms
 res_1 
-------
 t
(1 Zeile)

Zeit: 0,376 ms
 res_1 
-------
 t
(1 Zeile)

Zeit: 0,254 ms
 res_1 
-------
 t
(1 Zeile)

Zeit: 0,345 ms
 res_1 
-------
 t
(1 Zeile)

Zeit: 0,264 ms
 res_1 
-------
 t
(1 Zeile)

Zeit: 0,403 ms
 res_1 
-------
 t
(1 Zeile)

Zeit: 0,294 ms
 res_1 
-------
 t
(1 Zeile)

Zeit: 0,436 ms
 res_1 
-------
 t
(1 Zeile)

Zeit: 0,294 ms
Zeit: 0,075 ms
              next_test              
-------------------------------------
 Test starting: view_pg_active_locks
(1 Zeile)

Zeit: 0,087 ms
Zeit: 0,049 ms
 res 
-----
 t
(1 Zeile)

Zeit: 0,256 ms
 res 
-----
 t
(1 Zeile)

Zeit: 2,456 ms
Zeit: 0,088 ms
                next_test                
-----------------------------------------
 Test starting: view_pg_object_ownership
(1 Zeile)

Zeit: 0,091 ms
Zeit: 0,056 ms
 res 
-----
 t
(1 Zeile)

Zeit: 0,291 ms
 res 
-----
 t
(1 Zeile)

Zeit: 8,904 ms
Zeit: 0,144 ms
             next_test             
-----------------------------------
 Test starting: view_pg_bloat_info
(1 Zeile)

Zeit: 0,096 ms
Zeit: 0,055 ms
 res 
-----
 t
(1 Zeile)

Zeit: 0,398 ms
 res 
-----
 t
(1 Zeile)

Zeit: 0,830 ms
Zeit: 0,060 ms
               next_test               
---------------------------------------
 Test starting: view_pg_unused_indexes
(1 Zeile)

Zeit: 0,070 ms
Zeit: 0,044 ms
 res 
-----
 t
(1 Zeile)

Zeit: 0,264 ms
 res 
-----
 t
(1 Zeile)

Zeit: 0,811 ms
Zeit: 0,069 ms
             next_test              
------------------------------------
 Test starting: function_hex2bigint
(1 Zeile)

Zeit: 0,077 ms
Zeit: 0,045 ms
 res 
-----
 t
(1 Zeile)

Zeit: 0,251 ms
 res 
-----
 t
(1 Zeile)

Zeit: 0,657 ms
Zeit: 0,072 ms
           next_test            
--------------------------------
 Test starting: function_is_hex
(1 Zeile)

Zeit: 0,094 ms
Zeit: 0,058 ms
 res 
-----
 t
(1 Zeile)

Zeit: 0,228 ms
 res 
-----
 t
(1 Zeile)

Zeit: 0,592 ms
 res 
-----
 t
(1 Zeile)

Zeit: 0,368 ms
 res 
-----
 t
(1 Zeile)

Zeit: 0,369 ms
Zeit: 0,065 ms
                next_test                
-----------------------------------------
 Test starting: function_is_bigint_array
(1 Zeile)

Zeit: 0,082 ms
Zeit: 0,050 ms
 res 
-----
 t
(1 Zeile)

Zeit: 0,197 ms
 res 
-----
 t
(1 Zeile)

Zeit: 0,181 ms
 res 
-----
 t
(1 Zeile)

Zeit: 0,149 ms
 res 
-----
 t
(1 Zeile)

Zeit: 0,164 ms
Zeit: 0,087 ms
                next_test                 
------------------------------------------
 Test starting: function_is_integer_array
(1 Zeile)

Zeit: 0,072 ms
Zeit: 0,043 ms
 res 
-----
 t
(1 Zeile)

Zeit: 0,242 ms
 res 
-----
 t
(1 Zeile)

Zeit: 0,300 ms
 res 
-----
 t
(1 Zeile)

Zeit: 0,163 ms
 res 
-----
 t
(1 Zeile)

Zeit: 0,150 ms
Zeit: 0,075 ms
                 next_test                 
-------------------------------------------
 Test starting: function_is_smallint_array
(1 Zeile)

Zeit: 0,091 ms
Zeit: 0,055 ms
 res 
-----
 t
(1 Zeile)

Zeit: 0,192 ms
 res 
-----
 t
(1 Zeile)

Zeit: 0,210 ms
 res 
-----
 t
(1 Zeile)

Zeit: 0,128 ms
 res 
-----
 t
(1 Zeile)

Zeit: 0,102 ms
Zeit: 0,051 ms
               next_test               
---------------------------------------
 Test starting: function_is_text_array
(1 Zeile)

Zeit: 0,061 ms
Zeit: 0,045 ms
 res 
-----
 t
(1 Zeile)

Zeit: 0,165 ms
 res 
-----
 t
(1 Zeile)

Zeit: 0,185 ms
 res 
-----
 t
(1 Zeile)

Zeit: 0,141 ms
 res 
-----
 t
(1 Zeile)

Zeit: 0,130 ms
Zeit: 0,074 ms
