Zeit: 0,157 ms
Zeit: 0,084 ms
            next_test            
---------------------------------
 Test starting: function_is_date
(1 Zeile)

Zeit: 0,154 ms
Zeit: 0,065 ms
 res 
-----
 t
(1 Zeile)

Zeit: 0,670 ms
 res 
-----
 t
(1 Zeile)

Zeit: 0,890 ms
 res 
-----
 t
(1 Zeile)

Zeit: 0,172 ms
 res 
-----
 t
(1 Zeile)

Zeit: 0,226 ms
 res 
-----
 t
(1 Zeile)

Zeit: 0,187 ms
 res 
-----
 t
(1 Zeile)

Zeit: 0,208 ms
Zeit: 0,048 ms
            next_test            
---------------------------------
 Test starting: function_is_time
(1 Zeile)

Zeit: 0,075 ms
Zeit: 0,047 ms
 res 
-----
 t
(1 Zeile)

Zeit: 0,176 ms
 res 
-----
 t
(1 Zeile)

Zeit: 0,133 ms
 res 
-----
 t
(1 Zeile)

Zeit: 0,196 ms
 res 
-----
 t
(1 Zeile)

Zeit: 0,122 ms
 res 
-----
 t
(1 Zeile)

Zeit: 0,179 ms
 res 
-----
 t
(1 Zeile)

Zeit: 0,193 ms
 res 
-----
 t
(1 Zeile)

Zeit: 0,144 ms
Zeit: 0,049 ms
              next_test               
--------------------------------------
 Test starting: function_is_timestamp
(1 Zeile)

Zeit: 0,071 ms
Zeit: 0,047 ms
 res 
-----
 t
(1 Zeile)

Zeit: 0,161 ms
 res 
-----
 t
(1 Zeile)

Zeit: 0,130 ms
 res 
-----
 t
(1 Zeile)

Zeit: 0,179 ms
 res 
-----
 t
(1 Zeile)

Zeit: 0,109 ms
 res 
-----
 t
(1 Zeile)

Zeit: 0,157 ms
 res 
-----
 t
(1 Zeile)

Zeit: 0,132 ms
 res 
-----
 
(1 Zeile)

Zeit: 0,107 ms
Zeit: 0,051 ms
             next_test              
------------------------------------
 Test starting: function_is_numeric
(1 Zeile)

Zeit: 0,059 ms
Zeit: 0,042 ms
 res 
-----
 t
(1 Zeile)

Zeit: 0,171 ms
 res 
-----
 t
(1 Zeile)

Zeit: 0,187 ms
 res 
-----
 t
(1 Zeile)

Zeit: 0,093 ms
 res 
-----
 t
(1 Zeile)

Zeit: 0,114 ms
Zeit: 0,084 ms
             next_test             
-----------------------------------
 Test starting: function_is_bigint
(1 Zeile)

Zeit: 0,057 ms
Zeit: 0,046 ms
 res 
-----
 t
(1 Zeile)

Zeit: 0,169 ms
 res 
-----
 t
(1 Zeile)

Zeit: 0,173 ms
 res 
-----
 t
(1 Zeile)

Zeit: 0,111 ms
 res 
-----
 t
(1 Zeile)

Zeit: 0,099 ms
Zeit: 0,039 ms
             next_test              
------------------------------------
 Test starting: function_is_integer
(1 Zeile)

Zeit: 0,058 ms
Zeit: 0,041 ms
 res 
-----
 t
(1 Zeile)

Zeit: 0,143 ms
 res 
-----
 t
(1 Zeile)

Zeit: 0,152 ms
 res 
-----
 t
(1 Zeile)

Zeit: 0,107 ms
 res 
-----
 t
(1 Zeile)

Zeit: 0,086 ms
Zeit: 0,042 ms
              next_test              
-------------------------------------
 Test starting: function_is_smallint
(1 Zeile)

Zeit: 0,057 ms
Zeit: 0,041 ms
 res 
-----
 t
(1 Zeile)

Zeit: 0,145 ms
 res 
-----
 t
(1 Zeile)

Zeit: 0,162 ms
 res 
-----
 t
(1 Zeile)

Zeit: 0,102 ms
 res 
-----
 t
(1 Zeile)

Zeit: 0,088 ms
Zeit: 0,047 ms
            next_test            
---------------------------------
 Test starting: function_is_real
(1 Zeile)

Zeit: 0,056 ms
Zeit: 0,039 ms
 res 
-----
 t
(1 Zeile)

Zeit: 0,152 ms
 res 
-----
 t
(1 Zeile)

Zeit: 0,168 ms
 res 
-----
 t
(1 Zeile)

Zeit: 0,089 ms
 res 
-----
 t
(1 Zeile)

Zeit: 0,105 ms
Zeit: 0,048 ms
                  next_test                  
---------------------------------------------
 Test starting: function_is_double_precision
(1 Zeile)

Zeit: 0,058 ms
Zeit: 0,038 ms
 res 
-----
 t
(1 Zeile)

Zeit: 0,146 ms
 res 
-----
 t
(1 Zeile)

Zeit: 0,158 ms
 res 
-----
 t
(1 Zeile)

Zeit: 0,095 ms
 res 
-----
 t
(1 Zeile)

Zeit: 0,099 ms
Zeit: 0,038 ms
             next_test              
------------------------------------
 Test starting: function_is_boolean
(1 Zeile)

Zeit: 0,057 ms
Zeit: 0,036 ms
 res 
-----
 t
(1 Zeile)

Zeit: 0,151 ms
 res 
-----
 t
(1 Zeile)

Zeit: 0,230 ms
 res 
-----
 t
(1 Zeile)

Zeit: 0,130 ms
 res 
-----
 t
(1 Zeile)

Zeit: 0,118 ms
 res 
-----
 t
(1 Zeile)

Zeit: 0,096 ms
 res 
-----
 t
(1 Zeile)

Zeit: 0,092 ms
Zeit: 0,049 ms
            next_test            
---------------------------------
 Test starting: function_is_json
(1 Zeile)

Zeit: 0,062 ms
Zeit: 0,040 ms
 res 
-----
 t
(1 Zeile)

Zeit: 0,159 ms
 res 
-----
 t
(1 Zeile)

Zeit: 0,188 ms
 res 
-----
 t
(1 Zeile)

Zeit: 0,107 ms
Zeit: 0,041 ms
            next_test             
----------------------------------
 Test starting: function_is_jsonb
(1 Zeile)

Zeit: 0,056 ms
Zeit: 0,044 ms
 res 
-----
 t
(1 Zeile)

Zeit: 0,144 ms
 res 
-----
 t
(1 Zeile)

Zeit: 0,189 ms
 res 
-----
 t
(1 Zeile)

Zeit: 0,113 ms
Zeit: 0,078 ms
           next_test            
--------------------------------
 Test starting: function_sha256
(1 Zeile)

Zeit: 0,066 ms
Zeit: 0,357 ms
               next_test                
----------------------------------------
 Test starting: function_pg_schema_size
(1 Zeile)

Zeit: 0,073 ms
Zeit: 0,044 ms
 res 
-----
 t
(1 Zeile)

Zeit: 0,208 ms
Zeit: 11,060 ms
Zeit: 0,185 ms
 res 
-----
 t
(1 Zeile)

Zeit: 1,323 ms
Zeit: 0,309 ms
            next_test            
---------------------------------
 Test starting: view_pg_db_views
(1 Zeile)

Zeit: 0,081 ms
Zeit: 0,051 ms
 res 
-----
 t
(1 Zeile)

Zeit: 0,353 ms
 res 
-----
 t
(1 Zeile)

Zeit: 1,099 ms
Zeit: 0,054 ms
              next_test              
-------------------------------------
 Test starting: view_pg_foreign_keys
(1 Zeile)

Zeit: 0,065 ms
Zeit: 0,055 ms
 res 
-----
 t
(1 Zeile)

Zeit: 0,290 ms
 res 
-----
 t
(1 Zeile)

Zeit: 4,989 ms
Zeit: 0,086 ms
            next_test             
----------------------------------
 Test starting: view_pg_functions
(1 Zeile)

Zeit: 0,082 ms
Zeit: 0,048 ms
 res 
-----
 t
(1 Zeile)

Zeit: 0,235 ms
 res 
-----
 t
(1 Zeile)

Zeit: 49,801 ms
Zeit: 0,112 ms
                 next_test                  
--------------------------------------------
 Test starting: view_pg_table_matview_infos
(1 Zeile)

Zeit: 0,085 ms
Zeit: 0,048 ms
 res 
-----
 t
(1 Zeile)

Zeit: 0,289 ms
 res 
-----
 t
(1 Zeile)

Zeit: 2,418 ms
Zeit: 0,080 ms
              next_test              
-------------------------------------
 Test starting: function_is_encoding
(1 Zeile)

Zeit: 0,088 ms
Zeit: 0,062 ms
 res 
-----
 t
(1 Zeile)

Zeit: 0,176 ms
 res 
-----
 t
(1 Zeile)

Zeit: 0,147 ms
 res 
-----
 t
(1 Zeile)

Zeit: 0,439 ms
 res 
-----
 t
(1 Zeile)

Zeit: 0,147 ms
 res 
-----
 t
(1 Zeile)

Zeit: 0,173 ms
 res 
-----
 t
(1 Zeile)

Zeit: 0,151 ms
Zeit: 0,050 ms
             next_test             
-----------------------------------
 Test starting: function_is_latin1
(1 Zeile)

Zeit: 0,082 ms
Zeit: 0,037 ms
 res 
-----
 t
(1 Zeile)

Zeit: 0,155 ms
 res 
-----
 t
(1 Zeile)

Zeit: 0,163 ms
 res 
-----
 t
(1 Zeile)

Zeit: 0,149 ms
Zeit: 0,089 ms
                     next_test                     
---------------------------------------------------
 Test starting: function_return_not_part_of_latin1
(1 Zeile)

Zeit: 0,080 ms
Zeit: 0,047 ms
 res 
-----
 t
(1 Zeile)

Zeit: 0,157 ms
 res_1 | res_2 
-------+-------
 t     | t
(1 Zeile)

Zeit: 1,295 ms
Zeit: 0,053 ms
                next_test                 
------------------------------------------
 Test starting: function_replace_encoding
(1 Zeile)

Zeit: 0,073 ms
Zeit: 0,058 ms
 res 
-----
 t
(1 Zeile)

Zeit: 0,158 ms
 res 
-----
 t
(1 Zeile)

Zeit: 0,143 ms
 res_1 | res_2 
-------+-------
 t     | t
(1 Zeile)

Zeit: 0,421 ms
 res_1 | res_2 
-------+-------
 t     | t
(1 Zeile)

Zeit: 0,372 ms
 res_1 | res_2 
-------+-------
 t     | t
(1 Zeile)

Zeit: 0,416 ms
Zeit: 0,054 ms
               next_test                
----------------------------------------
 Test starting: function_replace_latin1
(1 Zeile)

Zeit: 0,062 ms
Zeit: 0,045 ms
 res 
-----
 t
(1 Zeile)

Zeit: 0,157 ms
 res 
-----
 t
(1 Zeile)

Zeit: 0,138 ms
 res_1 | res_2 
-------+-------
 t     | t
(1 Zeile)

Zeit: 0,361 ms
 res_1 | res_2 
-------+-------
 t     | t
(1 Zeile)

Zeit: 0,319 ms
 res_1 | res_2 
-------+-------
 t     | t
(1 Zeile)

Zeit: 0,229 ms
Zeit: 0,074 ms
                      next_test                      
-----------------------------------------------------
 Test starting: function_return_not_part_of_encoding
(1 Zeile)

Zeit: 0,060 ms
Zeit: 0,042 ms
 res 
-----
 t
(1 Zeile)

Zeit: 0,149 ms
 res_1 | res_2 
-------+-------
 t     | t
(1 Zeile)

Zeit: 0,715 ms
Zeit: 0,048 ms
                 next_test                  
--------------------------------------------
 Test starting: aggregate_function_gab_fill
(1 Zeile)

Zeit: 0,084 ms
Zeit: 0,043 ms
 res 
-----
 t
(1 Zeile)

Zeit: 0,147 ms
 res 
-----
 t
(1 Zeile)

Zeit: 0,161 ms
Zeit: 9,491 ms
Zeit: 0,191 ms
 res 
-----
 t
(1 Zeile)

Zeit: 0,388 ms
Zeit: 0,268 ms
            next_test            
---------------------------------
 Test starting: function_date_de
(1 Zeile)

Zeit: 0,075 ms
Zeit: 0,046 ms
 res 
-----
 t
(1 Zeile)

Zeit: 0,168 ms
 res 
-----
 t
(1 Zeile)

Zeit: 0,402 ms
Zeit: 0,061 ms
              next_test              
-------------------------------------
 Test starting: function_datetime_de
(1 Zeile)

Zeit: 0,071 ms
Zeit: 0,038 ms
 res 
-----
 t
(1 Zeile)

Zeit: 0,161 ms
 res 
-----
 t
(1 Zeile)

Zeit: 0,238 ms
Zeit: 0,048 ms
                 next_test                 
-------------------------------------------
 Test starting: function_to_unix_timestamp
(1 Zeile)

Zeit: 0,064 ms
Zeit: 0,046 ms
 res 
-----
 t
(1 Zeile)

Zeit: 0,152 ms
 res 
-----
 t
(1 Zeile)

Zeit: 0,179 ms
 res 
-----
 t
(1 Zeile)

Zeit: 0,184 ms
Zeit: 0,047 ms
            next_test             
----------------------------------
 Test starting: function_is_empty
(1 Zeile)

Zeit: 0,062 ms
Zeit: 0,045 ms
 res 
-----
 t
(1 Zeile)

Zeit: 0,171 ms
 res 
-----
 t
(1 Zeile)

Zeit: 0,151 ms
 res 
-----
 t
(1 Zeile)

Zeit: 0,084 ms
 res 
-----
 t
(1 Zeile)

Zeit: 0,093 ms
Zeit: 0,046 ms
             next_test             
-----------------------------------
 Test starting: function_array_max
(1 Zeile)

Zeit: 0,060 ms
Zeit: 0,044 ms
 res 
-----
 t
(1 Zeile)

Zeit: 0,149 ms
 res 
-----
 t
(1 Zeile)

Zeit: 0,137 ms
 res_1 
-------
 t
(1 Zeile)

Zeit: 0,221 ms
 res_1 
-------
 t
(1 Zeile)

Zeit: 0,180 ms
 res_1 
-------
 t
(1 Zeile)

Zeit: 0,173 ms
 res_1 
-------
 t
(1 Zeile)

Zeit: 0,271 ms
 res_1 
-------
 t
(1 Zeile)

Zeit: 0,219 ms
 res_1 
-------
 t
(1 Zeile)

Zeit: 0,197 ms
 res_1 
-------
 t
(1 Zeile)

Zeit: 0,203 ms
Zeit: 0,057 ms
             next_test             
-----------------------------------
 Test starting: function_array_min
(1 Zeile)

Zeit: 0,061 ms
Zeit: 0,040 ms
 res 
-----
 t
(1 Zeile)

Zeit: 0,149 ms
 res 
-----
 t
(1 Zeile)

Zeit: 0,130 ms
 res_1 
-------
 t
(1 Zeile)

Zeit: 0,205 ms
 res_1 
-------
 t
(1 Zeile)

Zeit: 0,158 ms
 res_1 
-------
 t
(1 Zeile)

Zeit: 0,159 ms
 res_1 
-------
 t
(1 Zeile)

Zeit: 0,156 ms
 res_1 
-------
 t
(1 Zeile)

Zeit: 0,165 ms
 res_1 
-------
 t
(1 Zeile)

Zeit: 0,164 ms
 res_1 
-------
 t
(1 Zeile)

Zeit: 0,171 ms
Zeit: 0,044 ms
             next_test             
-----------------------------------
 Test starting: function_array_avg
(1 Zeile)

Zeit: 0,065 ms
Zeit: 0,045 ms
 res 
-----
 t
(1 Zeile)

Zeit: 0,157 ms
 res 
-----
 t
(1 Zeile)

Zeit: 0,142 ms
 res_1 
-------
 t
(1 Zeile)

Zeit: 0,257 ms
 res_1 
-------
 t
(1 Zeile)

Zeit: 0,178 ms
 res_1 
-------
 t
(1 Zeile)

Zeit: 0,176 ms
 res_1 
-------
 t
(1 Zeile)

Zeit: 0,279 ms
 res_1 
-------
 t
(1 Zeile)

Zeit: 0,302 ms
 res_1 
-------
 t
(1 Zeile)

Zeit: 0,252 ms
Zeit: 0,054 ms
             next_test             
-----------------------------------
 Test starting: function_array_sum
(1 Zeile)

Zeit: 0,065 ms
Zeit: 0,046 ms
 res 
-----
 t
(1 Zeile)

Zeit: 0,164 ms
 res 
-----
 t
(1 Zeile)

Zeit: 0,143 ms
 res_1 
-------
 t
(1 Zeile)

Zeit: 0,260 ms
 res_1 
-------
 t
(1 Zeile)

Zeit: 0,173 ms
 res_1 
-------
 t
(1 Zeile)

Zeit: 0,176 ms
 res_1 
-------
 t
(1 Zeile)

Zeit: 0,191 ms
 res_1 
-------
 t
(1 Zeile)

Zeit: 0,190 ms
 res_1 
-------
 t
(1 Zeile)

Zeit: 0,177 ms
Zeit: 0,052 ms
             next_test              
------------------------------------
 Test starting: function_array_trim
(1 Zeile)

Zeit: 0,064 ms
Zeit: 0,045 ms
 res 
-----
 t
(1 Zeile)

Zeit: 0,224 ms
 res 
-----
 t
(1 Zeile)

Zeit: 0,193 ms
 res_1 
-------
 t
(1 Zeile)

Zeit: 0,641 ms
 res_1 
-------
 t
(1 Zeile)

Zeit: 0,243 ms
 res_1 
-------
 t
(1 Zeile)

Zeit: 0,397 ms
 res_1 
-------
 t
(1 Zeile)

Zeit: 0,300 ms
 res_1 
-------
 t
(1 Zeile)

Zeit: 0,399 ms
 res_1 
-------
 t
(1 Zeile)

Zeit: 0,207 ms
 res_1 
-------
 t
(1 Zeile)

Zeit: 0,475 ms
 res_1 
-------
 t
(1 Zeile)

Zeit: 0,315 ms
 res_1 
-------
 t
(1 Zeile)

Zeit: 0,627 ms
 res_1 
-------
 t
(1 Zeile)

Zeit: 0,353 ms
 res_1 
-------
 t
(1 Zeile)

Zeit: 0,554 ms
 res_1 
-------
 t
(1 Zeile)

Zeit: 0,369 ms
 res_1 
-------
 t
(1 Zeile)

Zeit: 0,552 ms
 res_1 
-------
 t
(1 Zeile)

Zeit: 0,345 ms
 res_1 
-------
 t
(1 Zeile)

Zeit: 0,517 ms
 res_1 
-------
 t
(1 Zeile)

Zeit: 0,333 ms
 res_1 
-------
 t
(1 Zeile)

Zeit: 0,561 ms
 res_1 
-------
 t
(1 Zeile)

Zeit: 0,344 ms
 res_1 
-------
 t
(1 Zeile)

Zeit: 0,628 ms
 res_1 
-------
 t
(1 Zeile)

Zeit: 0,333 ms
Zeit: 0,058 ms
              next_test              
-------------------------------------
 Test starting: view_pg_active_locks
(1 Zeile)

Zeit: 0,069 ms
Zeit: 0,045 ms
 res 
-----
 t
(1 Zeile)

Zeit: 0,318 ms
 res 
-----
 t
(1 Zeile)

Zeit: 2,459 ms
Zeit: 0,080 ms
