Zeit: 0,269 ms
Zeit: 0,237 ms
            next_test            
---------------------------------
 Test starting: function_is_date
(1 Zeile)

Zeit: 0,312 ms
Zeit: 0,176 ms
 res 
-----
 t
(1 Zeile)

Zeit: 0,695 ms
 res 
-----
 t
(1 Zeile)

Zeit: 0,914 ms
 res 
-----
 t
(1 Zeile)

Zeit: 0,198 ms
 res 
-----
 t
(1 Zeile)

Zeit: 0,193 ms
 res 
-----
 t
(1 Zeile)

Zeit: 0,254 ms
 res 
-----
 t
(1 Zeile)

Zeit: 0,284 ms
Zeit: 0,084 ms
            next_test            
---------------------------------
 Test starting: function_is_time
(1 Zeile)

Zeit: 0,099 ms
Zeit: 0,080 ms
 res 
-----
 t
(1 Zeile)

Zeit: 0,188 ms
 res 
-----
 t
(1 Zeile)

Zeit: 0,156 ms
 res 
-----
 t
(1 Zeile)

Zeit: 0,219 ms
 res 
-----
 t
(1 Zeile)

Zeit: 0,181 ms
 res 
-----
 t
(1 Zeile)

Zeit: 0,219 ms
 res 
-----
 t
(1 Zeile)

Zeit: 0,208 ms
 res 
-----
 t
(1 Zeile)

Zeit: 0,184 ms
Zeit: 0,078 ms
              next_test               
--------------------------------------
 Test starting: function_is_timestamp
(1 Zeile)

Zeit: 0,092 ms
Zeit: 0,075 ms
 res 
-----
 t
(1 Zeile)

Zeit: 0,181 ms
 res 
-----
 t
(1 Zeile)

Zeit: 0,173 ms
 res 
-----
 t
(1 Zeile)

Zeit: 0,207 ms
 res 
-----
 t
(1 Zeile)

Zeit: 0,147 ms
 res 
-----
 t
(1 Zeile)

Zeit: 0,221 ms
 res 
-----
 t
(1 Zeile)

Zeit: 0,168 ms
 res 
-----
 
(1 Zeile)

Zeit: 0,150 ms
Zeit: 0,077 ms
             next_test              
------------------------------------
 Test starting: function_is_numeric
(1 Zeile)

Zeit: 0,097 ms
Zeit: 0,082 ms
 res 
-----
 t
(1 Zeile)

Zeit: 0,194 ms
 res 
-----
 t
(1 Zeile)

Zeit: 0,200 ms
 res 
-----
 t
(1 Zeile)

Zeit: 0,130 ms
 res 
-----
 t
(1 Zeile)

Zeit: 0,139 ms
Zeit: 0,078 ms
             next_test             
-----------------------------------
 Test starting: function_is_bigint
(1 Zeile)

Zeit: 0,092 ms
Zeit: 0,071 ms
 res 
-----
 t
(1 Zeile)

Zeit: 0,188 ms
 res 
-----
 t
(1 Zeile)

Zeit: 0,193 ms
 res 
-----
 t
(1 Zeile)

Zeit: 0,138 ms
 res 
-----
 t
(1 Zeile)

Zeit: 0,130 ms
Zeit: 0,078 ms
             next_test              
------------------------------------
 Test starting: function_is_integer
(1 Zeile)

Zeit: 0,095 ms
Zeit: 0,075 ms
 res 
-----
 t
(1 Zeile)

Zeit: 0,186 ms
 res 
-----
 t
(1 Zeile)

Zeit: 0,188 ms
 res 
-----
 t
(1 Zeile)

Zeit: 0,143 ms
 res 
-----
 t
(1 Zeile)

Zeit: 0,125 ms
Zeit: 0,078 ms
              next_test              
-------------------------------------
 Test starting: function_is_smallint
(1 Zeile)

Zeit: 0,091 ms
Zeit: 0,079 ms
 res 
-----
 t
(1 Zeile)

Zeit: 0,183 ms
 res 
-----
 t
(1 Zeile)

Zeit: 0,193 ms
 res 
-----
 t
(1 Zeile)

Zeit: 0,138 ms
 res 
-----
 t
(1 Zeile)

Zeit: 0,129 ms
Zeit: 0,074 ms
            next_test            
---------------------------------
 Test starting: function_is_real
(1 Zeile)

Zeit: 0,088 ms
Zeit: 0,070 ms
 res 
-----
 t
(1 Zeile)

Zeit: 0,185 ms
 res 
-----
 t
(1 Zeile)

Zeit: 0,205 ms
 res 
-----
 t
(1 Zeile)

Zeit: 0,123 ms
 res 
-----
 t
(1 Zeile)

Zeit: 0,136 ms
Zeit: 0,074 ms
                  next_test                  
---------------------------------------------
 Test starting: function_is_double_precision
(1 Zeile)

Zeit: 0,088 ms
Zeit: 0,076 ms
 res 
-----
 t
(1 Zeile)

Zeit: 0,180 ms
 res 
-----
 t
(1 Zeile)

Zeit: 0,195 ms
 res 
-----
 t
(1 Zeile)

Zeit: 0,121 ms
 res 
-----
 t
(1 Zeile)

Zeit: 0,137 ms
Zeit: 0,076 ms
             next_test              
------------------------------------
 Test starting: function_is_boolean
(1 Zeile)

Zeit: 0,087 ms
Zeit: 0,071 ms
 res 
-----
 t
(1 Zeile)

Zeit: 0,185 ms
 res 
-----
 t
(1 Zeile)

Zeit: 0,269 ms
 res 
-----
 t
(1 Zeile)

Zeit: 0,161 ms
 res 
-----
 t
(1 Zeile)

Zeit: 0,144 ms
 res 
-----
 t
(1 Zeile)

Zeit: 0,119 ms
 res 
-----
 t
(1 Zeile)

Zeit: 0,117 ms
Zeit: 0,071 ms
            next_test            
---------------------------------
 Test starting: function_is_json
(1 Zeile)

Zeit: 0,085 ms
Zeit: 0,067 ms
 res 
-----
 t
(1 Zeile)

Zeit: 0,174 ms
 res 
-----
 t
(1 Zeile)

Zeit: 0,215 ms
 res 
-----
 t
(1 Zeile)

Zeit: 0,135 ms
Zeit: 0,070 ms
            next_test             
----------------------------------
 Test starting: function_is_jsonb
(1 Zeile)

Zeit: 0,085 ms
Zeit: 0,069 ms
 res 
-----
 t
(1 Zeile)

Zeit: 0,182 ms
 res 
-----
 t
(1 Zeile)

Zeit: 0,211 ms
 res 
-----
 t
(1 Zeile)

Zeit: 0,150 ms
Zeit: 0,074 ms
            next_test            
---------------------------------
 Test starting: function_is_uuid
(1 Zeile)

Zeit: 0,084 ms
Zeit: 0,071 ms
 res 
-----
 t
(1 Zeile)

Zeit: 0,172 ms
 res 
-----
 t
(1 Zeile)

Zeit: 0,208 ms
 res 
-----
 t
(1 Zeile)

Zeit: 0,123 ms
Zeit: 0,070 ms
           next_test            
--------------------------------
 Test starting: function_sha256
(1 Zeile)

Zeit: 0,084 ms
Zeit: 0,365 ms
               next_test                
----------------------------------------
 Test starting: function_pg_schema_size
(1 Zeile)

Zeit: 0,089 ms
Zeit: 0,068 ms
 res 
-----
 t
(1 Zeile)

Zeit: 0,187 ms
Zeit: 2,158 ms
Zeit: 0,164 ms
 res 
-----
 t
(1 Zeile)

Zeit: 1,156 ms
Zeit: 0,273 ms
            next_test            
---------------------------------
 Test starting: view_pg_db_views
(1 Zeile)

Zeit: 0,078 ms
Zeit: 0,070 ms
 res 
-----
 t
(1 Zeile)

Zeit: 0,309 ms
 res 
-----
 t
(1 Zeile)

Zeit: 1,037 ms
Zeit: 0,068 ms
              next_test              
-------------------------------------
 Test starting: view_pg_foreign_keys
(1 Zeile)

Zeit: 0,081 ms
Zeit: 0,058 ms
 res 
-----
 t
(1 Zeile)

Zeit: 0,212 ms
 res 
-----
 t
(1 Zeile)

Zeit: 4,469 ms
Zeit: 0,078 ms
            next_test             
----------------------------------
 Test starting: view_pg_functions
(1 Zeile)

Zeit: 0,081 ms
Zeit: 56,760 ms
                 next_test                  
--------------------------------------------
 Test starting: view_pg_table_matview_infos
(1 Zeile)

Zeit: 0,154 ms
Zeit: 0,074 ms
 res 
-----
 t
(1 Zeile)

Zeit: 0,336 ms
 res 
-----
 t
(1 Zeile)

Zeit: 2,108 ms
Zeit: 0,068 ms
                    next_test                    
-------------------------------------------------
 Test starting: view_pg_partitioned_tables_infos
(1 Zeile)

Zeit: 0,073 ms
Zeit: 2,372 ms
              next_test              
-------------------------------------
 Test starting: function_is_encoding
(1 Zeile)

Zeit: 0,085 ms
Zeit: 0,053 ms
 res 
-----
 t
(1 Zeile)

Zeit: 0,156 ms
 res 
-----
 t
(1 Zeile)

Zeit: 0,157 ms
 res 
-----
 t
(1 Zeile)

Zeit: 0,361 ms
 res 
-----
 t
(1 Zeile)

Zeit: 0,139 ms
 res 
-----
 t
(1 Zeile)

Zeit: 0,153 ms
 res 
-----
 t
(1 Zeile)

Zeit: 0,130 ms
Zeit: 0,057 ms
             next_test             
-----------------------------------
 Test starting: function_is_latin1
(1 Zeile)

Zeit: 0,065 ms
Zeit: 0,049 ms
 res 
-----
 t
(1 Zeile)

Zeit: 0,145 ms
 res 
-----
 t
(1 Zeile)

Zeit: 0,189 ms
 res 
-----
 t
(1 Zeile)

Zeit: 0,137 ms
Zeit: 0,063 ms
                     next_test                     
---------------------------------------------------
 Test starting: function_return_not_part_of_latin1
(1 Zeile)

Zeit: 0,074 ms
Zeit: 0,056 ms
 res 
-----
 t
(1 Zeile)

Zeit: 0,148 ms
 res_1 | res_2 
-------+-------
 t     | t
(1 Zeile)

Zeit: 1,125 ms
Zeit: 0,064 ms
                next_test                 
------------------------------------------
 Test starting: function_replace_encoding
(1 Zeile)

Zeit: 0,071 ms
Zeit: 0,051 ms
 res 
-----
 t
(1 Zeile)

Zeit: 0,149 ms
 res 
-----
 t
(1 Zeile)

Zeit: 0,142 ms
 res_1 | res_2 
-------+-------
 t     | t
(1 Zeile)

Zeit: 0,434 ms
 res_1 | res_2 
-------+-------
 t     | t
(1 Zeile)

Zeit: 0,331 ms
 res_1 | res_2 
-------+-------
 t     | t
(1 Zeile)

Zeit: 0,322 ms
Zeit: 0,059 ms
               next_test                
----------------------------------------
 Test starting: function_replace_latin1
(1 Zeile)

Zeit: 0,072 ms
Zeit: 0,054 ms
 res 
-----
 t
(1 Zeile)

Zeit: 0,163 ms
 res 
-----
 t
(1 Zeile)

Zeit: 0,153 ms
 res_1 | res_2 
-------+-------
 t     | t
(1 Zeile)

Zeit: 0,336 ms
 res_1 | res_2 
-------+-------
 t     | t
(1 Zeile)

Zeit: 0,297 ms
 res_1 | res_2 
-------+-------
 t     | t
(1 Zeile)

Zeit: 0,228 ms
Zeit: 0,058 ms
                      next_test                      
-----------------------------------------------------
 Test starting: function_return_not_part_of_encoding
(1 Zeile)

Zeit: 0,070 ms
Zeit: 0,055 ms
 res 
-----
 t
(1 Zeile)

Zeit: 0,159 ms
 res_1 | res_2 
-------+-------
 t     | t
(1 Zeile)

Zeit: 0,717 ms
Zeit: 0,058 ms
                 next_test                  
--------------------------------------------
 Test starting: aggregate_function_gab_fill
(1 Zeile)

Zeit: 0,067 ms
Zeit: 0,053 ms
 res 
-----
 t
(1 Zeile)

Zeit: 0,161 ms
 res 
-----
 t
(1 Zeile)

Zeit: 0,149 ms
Zeit: 2,855 ms
Zeit: 0,149 ms
 res 
-----
 t
(1 Zeile)

Zeit: 0,351 ms
Zeit: 0,270 ms
            next_test            
---------------------------------
 Test starting: function_date_de
(1 Zeile)

Zeit: 0,075 ms
Zeit: 0,058 ms
 res 
-----
 t
(1 Zeile)

Zeit: 0,163 ms
 res 
-----
 t
(1 Zeile)

Zeit: 0,261 ms
Zeit: 0,061 ms
              next_test              
-------------------------------------
 Test starting: function_datetime_de
(1 Zeile)

Zeit: 0,072 ms
Zeit: 0,057 ms
 res 
-----
 t
(1 Zeile)

Zeit: 0,158 ms
 res 
-----
 t
(1 Zeile)

Zeit: 0,216 ms
Zeit: 0,055 ms
                 next_test                 
-------------------------------------------
 Test starting: function_to_unix_timestamp
(1 Zeile)

Zeit: 0,065 ms
Zeit: 0,049 ms
 res 
-----
 t
(1 Zeile)

Zeit: 0,141 ms
 res 
-----
 t
(1 Zeile)

Zeit: 0,166 ms
 res 
-----
 t
(1 Zeile)

Zeit: 0,192 ms
Zeit: 0,063 ms
            next_test             
----------------------------------
 Test starting: function_is_empty
(1 Zeile)

Zeit: 0,072 ms
Zeit: 0,053 ms
 res 
-----
 t
(1 Zeile)

Zeit: 0,149 ms
 res 
-----
 t
(1 Zeile)

Zeit: 0,133 ms
 res 
-----
 t
(1 Zeile)

Zeit: 0,087 ms
 res 
-----
 t
(1 Zeile)

Zeit: 0,091 ms
Zeit: 0,052 ms
             next_test             
-----------------------------------
 Test starting: function_array_max
(1 Zeile)

Zeit: 0,061 ms
Zeit: 0,050 ms
 res 
-----
 t
(1 Zeile)

Zeit: 0,158 ms
 res 
-----
 t
(1 Zeile)

Zeit: 0,139 ms
 res_1 
-------
 t
(1 Zeile)

Zeit: 0,232 ms
 res_1 
-------
 t
(1 Zeile)

Zeit: 0,185 ms
 res_1 
-------
 t
(1 Zeile)

Zeit: 0,173 ms
 res_1 
-------
 t
(1 Zeile)

Zeit: 0,167 ms
 res_1 
-------
 t
(1 Zeile)

Zeit: 0,227 ms
 res_1 
-------
 t
(1 Zeile)

Zeit: 0,215 ms
 res_1 
-------
 t
(1 Zeile)

Zeit: 0,191 ms
Zeit: 0,055 ms
             next_test             
-----------------------------------
 Test starting: function_array_min
(1 Zeile)

Zeit: 0,063 ms
Zeit: 0,047 ms
 res 
-----
 t
(1 Zeile)

Zeit: 0,189 ms
 res 
-----
 t
(1 Zeile)

Zeit: 0,144 ms
 res_1 
-------
 t
(1 Zeile)

Zeit: 0,231 ms
 res_1 
-------
 t
(1 Zeile)

Zeit: 0,180 ms
 res_1 
-------
 t
(1 Zeile)

Zeit: 0,179 ms
 res_1 
-------
 t
(1 Zeile)

Zeit: 0,174 ms
 res_1 
-------
 t
(1 Zeile)

Zeit: 0,181 ms
 res_1 
-------
 t
(1 Zeile)

Zeit: 0,179 ms
 res_1 
-------
 t
(1 Zeile)

Zeit: 0,177 ms
Zeit: 0,056 ms
             next_test             
-----------------------------------
 Test starting: function_array_avg
(1 Zeile)

Zeit: 0,063 ms
Zeit: 0,050 ms
 res 
-----
 t
(1 Zeile)

Zeit: 0,146 ms
 res 
-----
 t
(1 Zeile)

Zeit: 0,136 ms
 res_1 
-------
 t
(1 Zeile)

Zeit: 0,210 ms
 res_1 
-------
 t
(1 Zeile)

Zeit: 0,175 ms
 res_1 
-------
 t
(1 Zeile)

Zeit: 0,180 ms
 res_1 
-------
 t
(1 Zeile)

Zeit: 0,275 ms
 res_1 
-------
 t
(1 Zeile)

Zeit: 0,264 ms
 res_1 
-------
 t
(1 Zeile)

Zeit: 0,253 ms
Zeit: 0,057 ms
             next_test             
-----------------------------------
 Test starting: function_array_sum
(1 Zeile)

Zeit: 0,068 ms
Zeit: 0,060 ms
 res 
-----
 t
(1 Zeile)

Zeit: 0,152 ms
 res 
-----
 t
(1 Zeile)

Zeit: 0,143 ms
 res_1 
-------
 t
(1 Zeile)

Zeit: 0,204 ms
 res_1 
-------
 t
(1 Zeile)

Zeit: 0,173 ms
 res_1 
-------
 t
(1 Zeile)

Zeit: 0,164 ms
 res_1 
-------
 t
(1 Zeile)

Zeit: 0,175 ms
 res_1 
-------
 t
(1 Zeile)

Zeit: 0,179 ms
 res_1 
-------
 t
(1 Zeile)

Zeit: 0,164 ms
Zeit: 0,051 ms
             next_test              
------------------------------------
 Test starting: function_array_trim
(1 Zeile)

Zeit: 0,062 ms
Zeit: 0,052 ms
 res 
-----
 t
(1 Zeile)

Zeit: 0,155 ms
 res 
-----
 t
(1 Zeile)

Zeit: 0,136 ms
 res_1 
-------
 t
(1 Zeile)

Zeit: 0,363 ms
 res_1 
-------
 t
(1 Zeile)

Zeit: 0,186 ms
 res_1 
-------
 t
(1 Zeile)

Zeit: 0,288 ms
 res_1 
-------
 t
(1 Zeile)

Zeit: 0,232 ms
 res_1 
-------
 t
(1 Zeile)

Zeit: 0,279 ms
 res_1 
-------
 t
(1 Zeile)

Zeit: 0,169 ms
 res_1 
-------
 t
(1 Zeile)

Zeit: 0,338 ms
 res_1 
-------
 t
(1 Zeile)

Zeit: 0,231 ms
 res_1 
-------
 t
(1 Zeile)

Zeit: 0,317 ms
 res_1 
-------
 t
(1 Zeile)

Zeit: 0,275 ms
 res_1 
-------
 t
(1 Zeile)

Zeit: 0,339 ms
 res_1 
-------
 t
(1 Zeile)

Zeit: 0,253 ms
 res_1 
-------
 t
(1 Zeile)

Zeit: 0,343 ms
 res_1 
-------
 t
(1 Zeile)

Zeit: 0,238 ms
 res_1 
-------
 t
(1 Zeile)

Zeit: 0,338 ms
 res_1 
-------
 t
(1 Zeile)

Zeit: 0,222 ms
 res_1 
-------
 t
(1 Zeile)

Zeit: 0,359 ms
 res_1 
-------
 t
(1 Zeile)

Zeit: 0,226 ms
 res_1 
-------
 t
(1 Zeile)

Zeit: 0,364 ms
 res_1 
-------
 t
(1 Zeile)

Zeit: 0,230 ms
Zeit: 0,056 ms
              next_test              
-------------------------------------
 Test starting: view_pg_active_locks
(1 Zeile)

Zeit: 0,065 ms
Zeit: 0,048 ms
 res 
-----
 t
(1 Zeile)

Zeit: 0,224 ms
 res 
-----
 t
(1 Zeile)

Zeit: 1,390 ms
Zeit: 0,062 ms
                next_test                
-----------------------------------------
 Test starting: view_pg_object_ownership
(1 Zeile)

Zeit: 0,067 ms
Zeit: 7,221 ms
             next_test             
-----------------------------------
 Test starting: view_pg_bloat_info
(1 Zeile)

Zeit: 0,088 ms
Zeit: 0,052 ms
 res 
-----
 t
(1 Zeile)

Zeit: 0,227 ms
 res 
-----
 t
(1 Zeile)

Zeit: 0,490 ms
Zeit: 0,057 ms
               next_test               
---------------------------------------
 Test starting: view_pg_unused_indexes
(1 Zeile)

Zeit: 0,066 ms
Zeit: 0,049 ms
 res 
-----
 t
(1 Zeile)

Zeit: 0,186 ms
 res 
-----
 t
(1 Zeile)

Zeit: 0,466 ms
Zeit: 0,055 ms
             next_test              
------------------------------------
 Test starting: function_hex2bigint
(1 Zeile)

Zeit: 0,066 ms
Zeit: 0,051 ms
 res 
-----
 t
(1 Zeile)

Zeit: 0,148 ms
 res 
-----
 t
(1 Zeile)

Zeit: 0,451 ms
Zeit: 0,056 ms
           next_test            
--------------------------------
 Test starting: function_is_hex
(1 Zeile)

Zeit: 0,065 ms
Zeit: 0,049 ms
 res 
-----
 t
(1 Zeile)

Zeit: 0,143 ms
 res 
-----
 t
(1 Zeile)

Zeit: 0,376 ms
 res 
-----
 t
(1 Zeile)

Zeit: 0,258 ms
 res 
-----
 t
(1 Zeile)

Zeit: 0,261 ms
Zeit: 0,056 ms
                next_test                
-----------------------------------------
 Test starting: function_is_bigint_array
(1 Zeile)

Zeit: 0,065 ms
Zeit: 0,046 ms
 res 
-----
 t
(1 Zeile)

Zeit: 0,142 ms
 res 
-----
 t
(1 Zeile)

Zeit: 0,158 ms
 res 
-----
 t
(1 Zeile)

Zeit: 0,126 ms
 res 
-----
 t
(1 Zeile)

Zeit: 0,100 ms
Zeit: 0,049 ms
                next_test                 
------------------------------------------
 Test starting: function_is_integer_array
(1 Zeile)

Zeit: 0,059 ms
Zeit: 0,049 ms
 res 
-----
 t
(1 Zeile)

Zeit: 0,139 ms
 res 
-----
 t
(1 Zeile)

Zeit: 0,178 ms
 res 
-----
 t
(1 Zeile)

Zeit: 0,111 ms
 res 
-----
 t
(1 Zeile)

Zeit: 0,101 ms
Zeit: 0,051 ms
                 next_test                 
-------------------------------------------
 Test starting: function_is_smallint_array
(1 Zeile)

Zeit: 0,073 ms
Zeit: 0,051 ms
 res 
-----
 t
(1 Zeile)

Zeit: 0,139 ms
 res 
-----
 t
(1 Zeile)

Zeit: 0,159 ms
 res 
-----
 t
(1 Zeile)

Zeit: 0,120 ms
 res 
-----
 t
(1 Zeile)

Zeit: 0,099 ms
Zeit: 0,051 ms
               next_test               
---------------------------------------
 Test starting: function_is_text_array
(1 Zeile)

Zeit: 0,061 ms
Zeit: 0,046 ms
 res 
-----
 t
(1 Zeile)

Zeit: 0,132 ms
 res 
-----
 t
(1 Zeile)

Zeit: 0,147 ms
 res 
-----
 t
(1 Zeile)

Zeit: 0,118 ms
 res 
-----
 t
(1 Zeile)

Zeit: 0,093 ms
Zeit: 0,052 ms
